
Memory Configuration

Name             Origin             Length             Attributes
flash            0x0000000008000000 0x0000000000020000 xr
sram             0x0000000020000000 0x0000000000005000 xrw
*default*        0x0000000000000000 0xffffffffffffffff

Linker script and memory map


.text           0x0000000008000000      0x143
 *(.vectors*)
 .vectors       0x0000000008000000       0x1c startup.o
                0x0000000008000000                vectors
 *(.text*)
 .text          0x000000000800001c       0x90 startup.o
                0x000000000800001c                MM_Fault_Handler
                0x000000000800001c                Usage_Fault_Handler
                0x000000000800001c                Default_Handler
                0x000000000800001c                H_Fault_Handler
                0x0000000008000028                Reset_Handler
 .text          0x00000000080000ac       0x94 main.o
                0x00000000080000ac                NMI_Handler
                0x00000000080000b8                Bus_Fault
                0x00000000080000c4                main
 *(.rodata)
 .rodata        0x0000000008000140        0x3 main.o
                0x0000000008000140                const_variables
                0x0000000008000143                _E_text = .

.glue_7         0x0000000008000144        0x0
 .glue_7        0x0000000008000144        0x0 linker stubs

.glue_7t        0x0000000008000144        0x0
 .glue_7t       0x0000000008000144        0x0 linker stubs

.vfp11_veneer   0x0000000008000144        0x0
 .vfp11_veneer  0x0000000008000144        0x0 linker stubs

.v4_bx          0x0000000008000144        0x0
 .v4_bx         0x0000000008000144        0x0 linker stubs

.iplt           0x0000000008000144        0x0
 .iplt          0x0000000008000144        0x0 startup.o

.rel.dyn        0x0000000008000144        0x0
 .rel.iplt      0x0000000008000144        0x0 startup.o

.data           0x0000000020000000        0x7 load address 0x0000000008000143
                0x0000000020000000                _S_DATA = .
 *(.data)
 .data          0x0000000020000000        0x0 startup.o
 .data          0x0000000020000000        0x7 main.o
                0x0000000020000000                R_ODR
                0x0000000020000004                g_variables
                0x0000000020000007                _E_DATA = .

.igot.plt       0x0000000020000008        0x0 load address 0x000000000800014a
 .igot.plt      0x0000000020000008        0x0 startup.o

.bss            0x0000000020000007     0x1001 load address 0x000000000800014a
                0x0000000020000007                _S_bss = .
 *(.bss*)
 .bss           0x0000000020000007        0x0 startup.o
 .bss           0x0000000020000007        0x0 main.o
                0x0000000020000008                . = ALIGN (0x4)
 *fill*         0x0000000020000007        0x1 
                0x0000000020000008                _E_bss = .
                0x0000000020000008                . = ALIGN (0x4)
                0x0000000020001008                . = (. + 0x1000)
 *fill*         0x0000000020000008     0x1000 
                0x0000000020001008                _stack_top = .
LOAD startup.o
LOAD main.o
OUTPUT(learn-in-depth.elf elf32-littlearm)

.debug_info     0x0000000000000000      0x2e7
 .debug_info    0x0000000000000000      0x190 startup.o
 .debug_info    0x0000000000000190      0x157 main.o

.debug_abbrev   0x0000000000000000      0x1d3
 .debug_abbrev  0x0000000000000000       0xd6 startup.o
 .debug_abbrev  0x00000000000000d6       0xfd main.o

.debug_loc      0x0000000000000000      0x13c
 .debug_loc     0x0000000000000000       0x7c startup.o
 .debug_loc     0x000000000000007c       0xc0 main.o

.debug_aranges  0x0000000000000000       0x40
 .debug_aranges
                0x0000000000000000       0x20 startup.o
 .debug_aranges
                0x0000000000000020       0x20 main.o

.debug_line     0x0000000000000000      0x24c
 .debug_line    0x0000000000000000      0x1f2 startup.o
 .debug_line    0x00000000000001f2       0x5a main.o

.debug_str      0x0000000000000000      0x1e0
 .debug_str     0x0000000000000000      0x17b startup.o
                                        0x1b8 (size before relaxing)
 .debug_str     0x000000000000017b       0x65 main.o
                                        0x120 (size before relaxing)

.comment        0x0000000000000000       0x7b
 .comment       0x0000000000000000       0x7b startup.o
                                         0x7c (size before relaxing)
 .comment       0x000000000000007b       0x7c main.o

.ARM.attributes
                0x0000000000000000       0x33
 .ARM.attributes
                0x0000000000000000       0x33 startup.o
 .ARM.attributes
                0x0000000000000033       0x33 main.o

.debug_frame    0x0000000000000000       0xbc
 .debug_frame   0x0000000000000000       0x50 startup.o
 .debug_frame   0x0000000000000050       0x6c main.o
